ARM Linker, 5.03 [Build 76] [MDK-ARM Lite]

==============================================================================

Section Cross References

    startup.o(STACK) refers (Special) to heapauxi.o(.text) for __use_two_region_memory
    startup.o(HEAP) refers (Special) to heapauxi.o(.text) for __use_two_region_memory
    startup.o(RESET) refers (Special) to heapauxi.o(.text) for __use_two_region_memory
    startup.o(RESET) refers to startup.o(STACK) for Stack_Top
    startup.o(RESET) refers to __main.o(!!!main) for __main
    startup.o(.text) refers (Special) to heapauxi.o(.text) for __use_two_region_memory
    startup.o(.text) refers to startup.o(HEAP) for Heap_Mem
    startup.o(.text) refers to startup.o(STACK) for Stack_Mem
    mc2.o(.text) refers to ffix.o(x$fpl$ffix) for __aeabi_f2iz
    mc2.o(.text) refers to fflt_noclz.o(x$fpl$fflt) for __aeabi_i2f
    mc2.o(.text) refers to faddsub_noclz.o(x$fpl$frsb) for __aeabi_frsub
    mc2.o(.text) refers to fmul.o(x$fpl$fmul) for __aeabi_fmul
    mc2.o(.text) refers to aeabi_sdiv.o(.text) for __aeabi_idivmod
    mc2.o(.text) refers to rt_memcpy_w.o(.text) for __aeabi_memcpy4
    mc2.o(.text) refers to fflt_noclz.o(x$fpl$ffltu) for __aeabi_ui2f
    mc2.o(.text) refers to f2d.o(x$fpl$f2d) for __aeabi_f2d
    mc2.o(.text) refers to ddiv.o(x$fpl$ddiv) for __aeabi_ddiv
    mc2.o(.text) refers to daddsub_noclz.o(x$fpl$dadd) for __aeabi_dadd
    mc2.o(.text) refers to d2f.o(x$fpl$d2f) for __aeabi_d2f
    mc2.o(.text) refers to daddsub_noclz.o(x$fpl$dsub) for __aeabi_dsub
    mc2.o(.text) refers to frleqf.o(x$fpl$frleqf) for __aeabi_cfrcmple
    aeabi_sdiv.o(.text_udiv) refers to aeabi_sdiv.o(.text) for __arm_div2
    aeabi_sdiv_div0.o(.text_udiv) refers to aeabi_sdiv_div0.o(.text) for __arm_div2
    __main.o(!!!main) refers to rtentry.o(.ARM.Collect$$rtentry$$00000000) for __rt_entry
    d2f.o(x$fpl$d2f) refers (Special) to usenofp.o(x$fpl$usenofp) for __I$use$fp
    d2f.o(x$fpl$d2f) refers to fretinf.o(x$fpl$fretinf) for __fpl_fretinf
    d2f.o(x$fpl$d2f) refers to dnaninf.o(x$fpl$dnaninf) for __fpl_dnaninf
    daddsub_noclz.o(x$fpl$dadd) refers (Special) to usenofp.o(x$fpl$usenofp) for __I$use$fp
    daddsub_noclz.o(x$fpl$dadd) refers to daddsub_noclz.o(x$fpl$dsub) for _dsub1
    daddsub_noclz.o(x$fpl$dadd) refers to dretinf.o(x$fpl$dretinf) for __fpl_dretinf
    daddsub_noclz.o(x$fpl$dadd) refers to dnaninf.o(x$fpl$dnaninf) for __fpl_dnaninf
    daddsub_noclz.o(x$fpl$drsb) refers (Special) to usenofp.o(x$fpl$usenofp) for __I$use$fp
    daddsub_noclz.o(x$fpl$drsb) refers to daddsub_noclz.o(x$fpl$dadd) for _dadd1
    daddsub_noclz.o(x$fpl$drsb) refers to daddsub_noclz.o(x$fpl$dsub) for _dsub1
    daddsub_noclz.o(x$fpl$dsub) refers (Special) to usenofp.o(x$fpl$usenofp) for __I$use$fp
    daddsub_noclz.o(x$fpl$dsub) refers to daddsub_noclz.o(x$fpl$dadd) for _dadd1
    daddsub_noclz.o(x$fpl$dsub) refers to dnaninf.o(x$fpl$dnaninf) for __fpl_dnaninf
    ddiv.o(x$fpl$drdiv) refers (Special) to usenofp.o(x$fpl$usenofp) for __I$use$fp
    ddiv.o(x$fpl$drdiv) refers to ddiv.o(x$fpl$ddiv) for ddiv_entry
    ddiv.o(x$fpl$ddiv) refers (Special) to usenofp.o(x$fpl$usenofp) for __I$use$fp
    ddiv.o(x$fpl$ddiv) refers to dretinf.o(x$fpl$dretinf) for __fpl_dretinf
    ddiv.o(x$fpl$ddiv) refers to dnaninf.o(x$fpl$dnaninf) for __fpl_dnaninf
    f2d.o(x$fpl$f2d) refers (Special) to usenofp.o(x$fpl$usenofp) for __I$use$fp
    f2d.o(x$fpl$f2d) refers to fnaninf.o(x$fpl$fnaninf) for __fpl_fnaninf
    f2d.o(x$fpl$f2d) refers to dretinf.o(x$fpl$dretinf) for __fpl_dretinf
    faddsub_noclz.o(x$fpl$fadd) refers (Special) to usenofp.o(x$fpl$usenofp) for __I$use$fp
    faddsub_noclz.o(x$fpl$fadd) refers to faddsub_noclz.o(x$fpl$fsub) for _fsub1
    faddsub_noclz.o(x$fpl$fadd) refers to fretinf.o(x$fpl$fretinf) for __fpl_fretinf
    faddsub_noclz.o(x$fpl$fadd) refers to fnaninf.o(x$fpl$fnaninf) for __fpl_fnaninf
    faddsub_noclz.o(x$fpl$frsb) refers (Special) to usenofp.o(x$fpl$usenofp) for __I$use$fp
    faddsub_noclz.o(x$fpl$frsb) refers to faddsub_noclz.o(x$fpl$fadd) for _fadd1
    faddsub_noclz.o(x$fpl$frsb) refers to faddsub_noclz.o(x$fpl$fsub) for _fsub1
    faddsub_noclz.o(x$fpl$fsub) refers (Special) to usenofp.o(x$fpl$usenofp) for __I$use$fp
    faddsub_noclz.o(x$fpl$fsub) refers to faddsub_noclz.o(x$fpl$fadd) for _fadd1
    faddsub_noclz.o(x$fpl$fsub) refers to fnaninf.o(x$fpl$fnaninf) for __fpl_fnaninf
    ffix.o(x$fpl$ffix) refers (Special) to usenofp.o(x$fpl$usenofp) for __I$use$fp
    ffix.o(x$fpl$ffix) refers to fnaninf.o(x$fpl$fnaninf) for __fpl_fnaninf
    ffix.o(x$fpl$ffixr) refers (Special) to usenofp.o(x$fpl$usenofp) for __I$use$fp
    ffix.o(x$fpl$ffixr) refers to fnaninf.o(x$fpl$fnaninf) for __fpl_fnaninf
    fflt_noclz.o(x$fpl$ffltu) refers (Special) to usenofp.o(x$fpl$usenofp) for __I$use$fp
    fflt_noclz.o(x$fpl$ffltu) refers to fflt_noclz.o(x$fpl$fflt) for __fflt_normalise
    fflt_noclz.o(x$fpl$fflt) refers (Special) to usenofp.o(x$fpl$usenofp) for __I$use$fp
    fmul.o(x$fpl$fmul) refers (Special) to usenofp.o(x$fpl$usenofp) for __I$use$fp
    fmul.o(x$fpl$fmul) refers to fretinf.o(x$fpl$fretinf) for __fpl_fretinf
    fmul.o(x$fpl$fmul) refers to fnaninf.o(x$fpl$fnaninf) for __fpl_fnaninf
    frleqf.o(x$fpl$frleqf) refers (Special) to usenofp.o(x$fpl$usenofp) for __I$use$fp
    frleqf.o(x$fpl$frleqf) refers to fleqf.o(x$fpl$fleqf) for __fpl_fcmple_InfNaN
    rtentry.o(.ARM.Collect$$rtentry$$00000000) refers (Special) to rtentry2.o(.ARM.Collect$$rtentry$$0000000A) for __rt_entry_li
    rtentry.o(.ARM.Collect$$rtentry$$00000000) refers (Special) to rtentry2.o(.ARM.Collect$$rtentry$$0000000D) for __rt_entry_main
    rtentry.o(.ARM.Collect$$rtentry$$00000000) refers (Special) to rtentry2.o(.ARM.Collect$$rtentry$$0000000C) for __rt_entry_postli_1
    rtentry.o(.ARM.Collect$$rtentry$$00000000) refers (Special) to rtentry2.o(.ARM.Collect$$rtentry$$00000009) for __rt_entry_postsh_1
    rtentry.o(.ARM.Collect$$rtentry$$00000000) refers (Special) to rtentry2.o(.ARM.Collect$$rtentry$$00000002) for __rt_entry_presh_1
    rtentry.o(.ARM.Collect$$rtentry$$00000000) refers (Special) to rtentry4.o(.ARM.Collect$$rtentry$$00000004) for __rt_entry_sh
    aeabi_idiv0_sigfpe.o(.text) refers to rt_div0.o(.text) for __rt_div0
    dnaninf.o(x$fpl$dnaninf) refers (Special) to usenofp.o(x$fpl$usenofp) for __I$use$fp
    dretinf.o(x$fpl$dretinf) refers (Special) to usenofp.o(x$fpl$usenofp) for __I$use$fp
    fleqf.o(x$fpl$fleqf) refers (Special) to usenofp.o(x$fpl$usenofp) for __I$use$fp
    fleqf.o(x$fpl$fleqf) refers to fnaninf.o(x$fpl$fnaninf) for __fpl_fnaninf
    fleqf.o(x$fpl$fleqf) refers to fcmpi.o(x$fpl$fcmpinf) for __fpl_fcmp_Inf
    fnaninf.o(x$fpl$fnaninf) refers (Special) to usenofp.o(x$fpl$usenofp) for __I$use$fp
    fretinf.o(x$fpl$fretinf) refers (Special) to usenofp.o(x$fpl$usenofp) for __I$use$fp
    rtentry2.o(.ARM.Collect$$rtentry$$00000008) refers to boardinit2.o(.text) for _platform_post_stackheap_init
    rtentry2.o(.ARM.Collect$$rtentry$$0000000A) refers to libinit.o(.ARM.Collect$$libinit$$00000000) for __rt_lib_init
    rtentry2.o(.ARM.Collect$$rtentry$$0000000B) refers to boardinit3.o(.text) for _platform_post_lib_init
    rtentry2.o(.ARM.Collect$$rtentry$$0000000D) refers to exit.o(.text) for exit
    rtentry2.o(.ARM.Collect$$rtentry$$0000000D) refers to mc2.o(.text) for main
    rtentry2.o(.ARM.exidx) refers to rtentry2.o(.ARM.Collect$$rtentry$$00000001) for .ARM.Collect$$rtentry$$00000001
    rtentry2.o(.ARM.exidx) refers to rtentry2.o(.ARM.Collect$$rtentry$$00000008) for .ARM.Collect$$rtentry$$00000008
    rtentry2.o(.ARM.exidx) refers to rtentry2.o(.ARM.Collect$$rtentry$$0000000A) for .ARM.Collect$$rtentry$$0000000A
    rtentry2.o(.ARM.exidx) refers to rtentry2.o(.ARM.Collect$$rtentry$$0000000B) for .ARM.Collect$$rtentry$$0000000B
    rtentry2.o(.ARM.exidx) refers to rtentry2.o(.ARM.Collect$$rtentry$$0000000D) for .ARM.Collect$$rtentry$$0000000D
    rtentry4.o(.ARM.Collect$$rtentry$$00000004) refers to sys_stackheap_outer.o(.text) for __user_setup_stackheap
    rtentry4.o(.ARM.exidx) refers to rtentry4.o(.ARM.Collect$$rtentry$$00000004) for .ARM.Collect$$rtentry$$00000004
    rt_div0.o(.text) refers to defsig_fpe_outer.o(.text) for __rt_SIGFPE
    fcmpi.o(x$fpl$fcmpinf) refers (Special) to usenofp.o(x$fpl$usenofp) for __I$use$fp
    sys_stackheap_outer.o(.text) refers to libspace.o(.text) for __user_perproc_libspace
    sys_stackheap_outer.o(.text) refers to startup.o(.text) for __user_initial_stackheap
    exit.o(.text) refers to rtexit.o(.ARM.Collect$$rtexit$$00000000) for __rt_exit
    defsig_fpe_outer.o(.text) refers to defsig_fpe_inner.o(.text) for __rt_SIGFPE_inner
    defsig_fpe_outer.o(.text) refers to defsig_exit.o(.text) for __sig_exit
    defsig_fpe_formal.o(.text) refers to rt_raise.o(.text) for __rt_raise
    libinit.o(.ARM.Collect$$libinit$$00000000) refers (Special) to libinit2.o(.ARM.Collect$$libinit$$0000002C) for __rt_lib_init_alloca_1
    libinit.o(.ARM.Collect$$libinit$$00000000) refers (Special) to libinit2.o(.ARM.Collect$$libinit$$0000002A) for __rt_lib_init_argv_1
    libinit.o(.ARM.Collect$$libinit$$00000000) refers (Special) to libinit2.o(.ARM.Collect$$libinit$$00000019) for __rt_lib_init_atexit_1
    libinit.o(.ARM.Collect$$libinit$$00000000) refers (Special) to libinit2.o(.ARM.Collect$$libinit$$0000001F) for __rt_lib_init_clock_1
    libinit.o(.ARM.Collect$$libinit$$00000000) refers (Special) to libinit2.o(.ARM.Collect$$libinit$$00000030) for __rt_lib_init_cpp_1
    libinit.o(.ARM.Collect$$libinit$$00000000) refers (Special) to libinit2.o(.ARM.Collect$$libinit$$0000002E) for __rt_lib_init_exceptions_1
    libinit.o(.ARM.Collect$$libinit$$00000000) refers (Special) to libinit2.o(.ARM.Collect$$libinit$$00000002) for __rt_lib_init_fp_1
    libinit.o(.ARM.Collect$$libinit$$00000000) refers (Special) to libinit2.o(.ARM.Collect$$libinit$$0000001D) for __rt_lib_init_fp_trap_1
    libinit.o(.ARM.Collect$$libinit$$00000000) refers (Special) to libinit2.o(.ARM.Collect$$libinit$$00000021) for __rt_lib_init_getenv_1
    libinit.o(.ARM.Collect$$libinit$$00000000) refers (Special) to libinit2.o(.ARM.Collect$$libinit$$00000008) for __rt_lib_init_heap_1
    libinit.o(.ARM.Collect$$libinit$$00000000) refers (Special) to libinit2.o(.ARM.Collect$$libinit$$0000000F) for __rt_lib_init_lc_collate_1
    libinit.o(.ARM.Collect$$libinit$$00000000) refers (Special) to libinit2.o(.ARM.Collect$$libinit$$00000011) for __rt_lib_init_lc_ctype_1
    libinit.o(.ARM.Collect$$libinit$$00000000) refers (Special) to libinit2.o(.ARM.Collect$$libinit$$00000013) for __rt_lib_init_lc_monetary_1
    libinit.o(.ARM.Collect$$libinit$$00000000) refers (Special) to libinit2.o(.ARM.Collect$$libinit$$00000015) for __rt_lib_init_lc_numeric_1
    libinit.o(.ARM.Collect$$libinit$$00000000) refers (Special) to libinit2.o(.ARM.Collect$$libinit$$00000017) for __rt_lib_init_lc_time_1
    libinit.o(.ARM.Collect$$libinit$$00000000) refers (Special) to libinit2.o(.ARM.Collect$$libinit$$0000000C) for __rt_lib_init_rand_1
    libinit.o(.ARM.Collect$$libinit$$00000000) refers (Special) to libinit2.o(.ARM.Collect$$libinit$$00000031) for __rt_lib_init_return
    libinit.o(.ARM.Collect$$libinit$$00000000) refers (Special) to libinit2.o(.ARM.Collect$$libinit$$0000001B) for __rt_lib_init_signal_1
    libinit.o(.ARM.Collect$$libinit$$00000000) refers (Special) to libinit2.o(.ARM.Collect$$libinit$$00000023) for __rt_lib_init_stdio_1
    libinit.o(.ARM.Collect$$libinit$$00000000) refers (Special) to libinit2.o(.ARM.Collect$$libinit$$0000000A) for __rt_lib_init_user_alloc_1
    libspace.o(.text) refers to libspace.o(.bss) for __libspace_start
    rtexit.o(.ARM.Collect$$rtexit$$00000000) refers (Special) to rtexit2.o(.ARM.Collect$$rtexit$$00000004) for __rt_exit_exit
    rtexit.o(.ARM.Collect$$rtexit$$00000000) refers (Special) to rtexit2.o(.ARM.Collect$$rtexit$$00000003) for __rt_exit_ls
    rtexit.o(.ARM.Collect$$rtexit$$00000000) refers (Special) to rtexit2.o(.ARM.Collect$$rtexit$$00000002) for __rt_exit_prels_1
    rtexit.o(.ARM.exidx) refers (Special) to rtexit2.o(.ARM.Collect$$rtexit$$00000004) for __rt_exit_exit
    rtexit.o(.ARM.exidx) refers (Special) to rtexit2.o(.ARM.Collect$$rtexit$$00000003) for __rt_exit_ls
    rtexit.o(.ARM.exidx) refers (Special) to rtexit2.o(.ARM.Collect$$rtexit$$00000002) for __rt_exit_prels_1
    rtexit.o(.ARM.exidx) refers to rtexit.o(.ARM.Collect$$rtexit$$00000000) for .ARM.Collect$$rtexit$$00000000
    rt_raise.o(.text) refers to __raise.o(.text) for __raise
    rt_raise.o(.text) refers to sys_exit.o(.text) for _sys_exit
    defsig_exit.o(.text) refers to sys_exit.o(.text) for _sys_exit
    defsig_fpe_inner.o(.text) refers to defsig_general.o(.text) for __default_signal_display
    libinit2.o(.ARM.Collect$$libinit$$00000001) refers to fpinit.o(x$fpl$fpinit) for _fp_init
    libinit2.o(.ARM.Collect$$libinit$$0000000E) refers to libinit2.o(.ARM.Collect$$libinit$$0000000D) for .ARM.Collect$$libinit$$0000000D
    libinit2.o(.ARM.Collect$$libinit$$00000010) refers to libinit2.o(.ARM.Collect$$libinit$$0000000D) for .ARM.Collect$$libinit$$0000000D
    libinit2.o(.ARM.Collect$$libinit$$00000012) refers to libinit2.o(.ARM.Collect$$libinit$$0000000D) for .ARM.Collect$$libinit$$0000000D
    libinit2.o(.ARM.Collect$$libinit$$00000014) refers to libinit2.o(.ARM.Collect$$libinit$$0000000D) for .ARM.Collect$$libinit$$0000000D
    libinit2.o(.ARM.Collect$$libinit$$00000016) refers to libinit2.o(.ARM.Collect$$libinit$$0000000D) for .ARM.Collect$$libinit$$0000000D
    libinit2.o(.ARM.Collect$$libinit$$00000024) refers to argv_veneer.o(.emb_text) for __ARM_argv_veneer
    libinit2.o(.ARM.Collect$$libinit$$00000025) refers to argv_veneer.o(.emb_text) for __ARM_argv_veneer
    sys_exit.o(.text) refers (Special) to use_no_semi.o(.text) for __I$use$semihosting
    sys_exit.o(.text) refers (Special) to indicate_semi.o(.text) for __semihosting_library_function
    rtexit2.o(.ARM.Collect$$rtexit$$00000003) refers to libshutdown.o(.ARM.Collect$$libshutdown$$00000000) for __rt_lib_shutdown
    rtexit2.o(.ARM.Collect$$rtexit$$00000004) refers to sys_exit.o(.text) for _sys_exit
    rtexit2.o(.ARM.exidx) refers to rtexit2.o(.ARM.Collect$$rtexit$$00000001) for .ARM.Collect$$rtexit$$00000001
    rtexit2.o(.ARM.exidx) refers to rtexit2.o(.ARM.Collect$$rtexit$$00000003) for .ARM.Collect$$rtexit$$00000003
    rtexit2.o(.ARM.exidx) refers to rtexit2.o(.ARM.Collect$$rtexit$$00000004) for .ARM.Collect$$rtexit$$00000004
    __raise.o(.text) refers to __raise.o(i.__ARM_common_call_via_r2) for __ARM_common_call_via_r2
    __raise.o(.text) refers to defsig.o(CL$$defsig) for __default_signal_handler
    defsig_general.o(.text) refers to sys_wrch.o(.text) for _ttywrch
    argv_veneer.o(.emb_text) refers to no_argv.o(.text) for __ARM_get_argv
    sys_wrch.o(.text) refers (Special) to use_no_semi.o(.text) for __I$use$semihosting
    sys_wrch.o(.text) refers (Special) to indicate_semi.o(.text) for __semihosting_library_function
    defsig.o(CL$$defsig) refers to defsig_fpe_inner.o(.text) for __rt_SIGFPE_inner
    defsig.o(CL$$defsig) refers to defsig_rtmem_inner.o(.text) for __rt_SIGRTMEM_inner
    _get_argv_nomalloc.o(.text) refers (Special) to hrguard.o(.text) for __heap_region$guard
    _get_argv_nomalloc.o(.text) refers to defsig_rtmem_outer.o(.text) for __rt_SIGRTMEM
    _get_argv_nomalloc.o(.text) refers to sys_command.o(.text) for _sys_command_string
    libshutdown.o(.ARM.Collect$$libshutdown$$00000000) refers (Special) to libshutdown2.o(.ARM.Collect$$libshutdown$$00000006) for __rt_lib_shutdown_fp_trap_1
    libshutdown.o(.ARM.Collect$$libshutdown$$00000000) refers (Special) to libshutdown2.o(.ARM.Collect$$libshutdown$$0000000E) for __rt_lib_shutdown_heap_1
    libshutdown.o(.ARM.Collect$$libshutdown$$00000000) refers (Special) to libshutdown2.o(.ARM.Collect$$libshutdown$$0000000F) for __rt_lib_shutdown_return
    libshutdown.o(.ARM.Collect$$libshutdown$$00000000) refers (Special) to libshutdown2.o(.ARM.Collect$$libshutdown$$00000009) for __rt_lib_shutdown_signal_1
    libshutdown.o(.ARM.Collect$$libshutdown$$00000000) refers (Special) to libshutdown2.o(.ARM.Collect$$libshutdown$$00000003) for __rt_lib_shutdown_stdio_1
    libshutdown.o(.ARM.Collect$$libshutdown$$00000000) refers (Special) to libshutdown2.o(.ARM.Collect$$libshutdown$$0000000B) for __rt_lib_shutdown_user_alloc_1
    sys_command.o(.text) refers (Special) to use_no_semi.o(.text) for __I$use$semihosting
    sys_command.o(.text) refers (Special) to indicate_semi.o(.text) for __semihosting_library_function
    defsig_abrt_inner.o(.text) refers to defsig_general.o(.text) for __default_signal_display
    defsig_rtred_inner.o(.text) refers to defsig_general.o(.text) for __default_signal_display
    defsig_rtmem_inner.o(.text) refers to defsig_general.o(.text) for __default_signal_display
    defsig_rtmem_outer.o(.text) refers to defsig_rtmem_inner.o(.text) for __rt_SIGRTMEM_inner
    defsig_rtmem_outer.o(.text) refers to defsig_exit.o(.text) for __sig_exit
    defsig_rtmem_formal.o(.text) refers to rt_raise.o(.text) for __rt_raise
    defsig_stak_inner.o(.text) refers to defsig_general.o(.text) for __default_signal_display
    defsig_pvfn_inner.o(.text) refers to defsig_general.o(.text) for __default_signal_display
    defsig_cppl_inner.o(.text) refers to defsig_general.o(.text) for __default_signal_display
    defsig_segv_inner.o(.text) refers to defsig_general.o(.text) for __default_signal_display
    defsig_other.o(.text) refers to defsig_general.o(.text) for __default_signal_display


==============================================================================

Removing Unused input sections from the image.

    Removing startup.o(RESET), (272 bytes).

1 unused section(s) (total 272 bytes) removed from the image.

==============================================================================

Adding Veneers to the image

    Adding AT veneer (8 bytes, Inline) for call to '__rt_lib_init' from rtentry2.o(.ARM.Collect$$rtentry$$0000000A).
    Adding AT veneer (8 bytes, Inline) for call to '__rt_lib_shutdown' from rtexit2.o(.ARM.Collect$$rtexit$$00000003).
    Adding TA veneer (4 bytes, Inline) for call to '__rt_exit' from exit.o(.text).
    Adding AT veneer (8 bytes, Inline) for call to '_sys_exit' from rtexit2.o(.ARM.Collect$$rtexit$$00000004).

4 Veneer(s) (total 28 bytes) added to the image.

==============================================================================

Image Symbol Table

    Local Symbols

    Symbol Name                              Value     Ov Type        Size  Object(Section)

    !!!main                                  0x00000000   Section        8  __main.o(!!!main)
    ../clib/angel/boardlib.s                 0x00000000   Number         0  boardinit1.o ABSOLUTE
    ../clib/angel/boardlib.s                 0x00000000   Number         0  boardinit2.o ABSOLUTE
    ../clib/angel/boardlib.s                 0x00000000   Number         0  boardinit3.o ABSOLUTE
    ../clib/angel/boardlib.s                 0x00000000   Number         0  boardshut.o ABSOLUTE
    ../clib/angel/handlers.s                 0x00000000   Number         0  __scatter_zi.o ABSOLUTE
    ../clib/angel/kernel.s                   0x00000000   Number         0  rtentry4.o ABSOLUTE
    ../clib/angel/kernel.s                   0x00000000   Number         0  rtexit.o ABSOLUTE
    ../clib/angel/kernel.s                   0x00000000   Number         0  rtentry2.o ABSOLUTE
    ../clib/angel/kernel.s                   0x00000000   Number         0  rtexit2.o ABSOLUTE
    ../clib/angel/kernel.s                   0x00000000   Number         0  rtentry.o ABSOLUTE
    ../clib/angel/rt.s                       0x00000000   Number         0  rt_div0.o ABSOLUTE
    ../clib/angel/rt.s                       0x00000000   Number         0  rt_raise.o ABSOLUTE
    ../clib/angel/rt.s                       0x00000000   Number         0  aeabi_idiv0_sigfpe.o ABSOLUTE
    ../clib/angel/rt.s                       0x00000000   Number         0  aeabi_idiv0.o ABSOLUTE
    ../clib/angel/scatter.s                  0x00000000   Number         0  __scatter.o ABSOLUTE
    ../clib/angel/startup.s                  0x00000000   Number         0  __main.o ABSOLUTE
    ../clib/angel/sys.s                      0x00000000   Number         0  sys_stackheap_outer.o ABSOLUTE
    ../clib/angel/sys.s                      0x00000000   Number         0  use_no_semi.o ABSOLUTE
    ../clib/angel/sys.s                      0x00000000   Number         0  indicate_semi.o ABSOLUTE
    ../clib/angel/sys.s                      0x00000000   Number         0  libspace.o ABSOLUTE
    ../clib/angel/sysapp.c                   0x00000000   Number         0  sys_command.o ABSOLUTE
    ../clib/angel/sysapp.c                   0x00000000   Number         0  sys_wrch.o ABSOLUTE
    ../clib/angel/sysapp.c                   0x00000000   Number         0  sys_exit.o ABSOLUTE
    ../clib/armsys.c                         0x00000000   Number         0  argv_veneer.o ABSOLUTE
    ../clib/armsys.c                         0x00000000   Number         0  argv_veneer.o ABSOLUTE
    ../clib/armsys.c                         0x00000000   Number         0  no_argv.o ABSOLUTE
    ../clib/armsys.c                         0x00000000   Number         0  _get_argv_nomalloc.o ABSOLUTE
    ../clib/division.s                       0x00000000   Number         0  aeabi_sdiv_div0.o ABSOLUTE
    ../clib/division.s                       0x00000000   Number         0  aeabi_sdiv.o ABSOLUTE
    ../clib/divrt.s                          0x00000000   Number         0  divrt_7tdmi.o ABSOLUTE
    ../clib/divrt.s                          0x00000000   Number         0  divrt_7tdmi_div0.o ABSOLUTE
    ../clib/heapalloc.c                      0x00000000   Number         0  hrguard.o ABSOLUTE
    ../clib/heapaux.c                        0x00000000   Number         0  heapauxi.o ABSOLUTE
    ../clib/libinit.s                        0x00000000   Number         0  libshutdown.o ABSOLUTE
    ../clib/libinit.s                        0x00000000   Number         0  libinit2.o ABSOLUTE
    ../clib/libinit.s                        0x00000000   Number         0  libshutdown2.o ABSOLUTE
    ../clib/libinit.s                        0x00000000   Number         0  libinit.o ABSOLUTE
    ../clib/memcpset.s                       0x00000000   Number         0  rt_memcpy_w.o ABSOLUTE
    ../clib/signal.c                         0x00000000   Number         0  defsig_fpe_outer.o ABSOLUTE
    ../clib/signal.c                         0x00000000   Number         0  defsig_fpe_inner.o ABSOLUTE
    ../clib/signal.c                         0x00000000   Number         0  defsig_other.o ABSOLUTE
    ../clib/signal.c                         0x00000000   Number         0  defsig_fpe_formal.o ABSOLUTE
    ../clib/signal.c                         0x00000000   Number         0  defsig_rtmem_outer.o ABSOLUTE
    ../clib/signal.c                         0x00000000   Number         0  defsig_general.o ABSOLUTE
    ../clib/signal.c                         0x00000000   Number         0  __raise.o ABSOLUTE
    ../clib/signal.c                         0x00000000   Number         0  defsig_rtred_inner.o ABSOLUTE
    ../clib/signal.c                         0x00000000   Number         0  defsig_abrt_inner.o ABSOLUTE
    ../clib/signal.c                         0x00000000   Number         0  defsig_rtmem_inner.o ABSOLUTE
    ../clib/signal.c                         0x00000000   Number         0  defsig_exit.o ABSOLUTE
    ../clib/signal.c                         0x00000000   Number         0  defsig_rtmem_formal.o ABSOLUTE
    ../clib/signal.c                         0x00000000   Number         0  defsig_stak_inner.o ABSOLUTE
    ../clib/signal.c                         0x00000000   Number         0  defsig_pvfn_inner.o ABSOLUTE
    ../clib/signal.c                         0x00000000   Number         0  defsig_cppl_inner.o ABSOLUTE
    ../clib/signal.c                         0x00000000   Number         0  defsig_segv_inner.o ABSOLUTE
    ../clib/signal.s                         0x00000000   Number         0  defsig.o ABSOLUTE
    ../clib/stdlib.c                         0x00000000   Number         0  exit.o ABSOLUTE
    ../fplib/d2f.s                           0x00000000   Number         0  d2f.o ABSOLUTE
    ../fplib/daddsub.s                       0x00000000   Number         0  daddsub_noclz.o ABSOLUTE
    ../fplib/ddiv.s                          0x00000000   Number         0  ddiv.o ABSOLUTE
    ../fplib/dnaninf.s                       0x00000000   Number         0  dnaninf.o ABSOLUTE
    ../fplib/dretinf.s                       0x00000000   Number         0  dretinf.o ABSOLUTE
    ../fplib/f2d.s                           0x00000000   Number         0  f2d.o ABSOLUTE
    ../fplib/faddsub.s                       0x00000000   Number         0  faddsub_noclz.o ABSOLUTE
    ../fplib/fcmpi.s                         0x00000000   Number         0  fcmpi.o ABSOLUTE
    ../fplib/ffix.s                          0x00000000   Number         0  ffix.o ABSOLUTE
    ../fplib/fflt.s                          0x00000000   Number         0  fflt_noclz.o ABSOLUTE
    ../fplib/fleqf.s                         0x00000000   Number         0  fleqf.o ABSOLUTE
    ../fplib/fmul.s                          0x00000000   Number         0  fmul.o ABSOLUTE
    ../fplib/fnaninf.s                       0x00000000   Number         0  fnaninf.o ABSOLUTE
    ../fplib/fpinit.s                        0x00000000   Number         0  fpinit.o ABSOLUTE
    ../fplib/fretinf.s                       0x00000000   Number         0  fretinf.o ABSOLUTE
    ../fplib/frleqf.s                        0x00000000   Number         0  frleqf.o ABSOLUTE
    ../fplib/usenofp.s                       0x00000000   Number         0  usenofp.o ABSOLUTE
    Startup.s                                0x00000000   Number         0  startup.o ABSOLUTE
    dc.s                                     0x00000000   Number         0  dc.o ABSOLUTE
    mc2.c                                    0x00000000   Number         0  mc2.o ABSOLUTE
    !!!scatter                               0x00000008   Section       60  __scatter.o(!!!scatter)
    !!handler_zi                             0x00000044   Section       44  __scatter_zi.o(!!handler_zi)
    .ARM.Collect$$libinit$$00000000          0x00000078   Section        2  libinit.o(.ARM.Collect$$libinit$$00000000)
    .ARM.Collect$$libinit$$00000002          0x0000007a   Section        0  libinit2.o(.ARM.Collect$$libinit$$00000002)
    .ARM.Collect$$libinit$$00000008          0x0000007a   Section        0  libinit2.o(.ARM.Collect$$libinit$$00000008)
    .ARM.Collect$$libinit$$0000000A          0x0000007a   Section        0  libinit2.o(.ARM.Collect$$libinit$$0000000A)
    .ARM.Collect$$libinit$$0000000C          0x0000007a   Section        0  libinit2.o(.ARM.Collect$$libinit$$0000000C)
    .ARM.Collect$$libinit$$0000000F          0x0000007a   Section        0  libinit2.o(.ARM.Collect$$libinit$$0000000F)
    .ARM.Collect$$libinit$$00000011          0x0000007a   Section        0  libinit2.o(.ARM.Collect$$libinit$$00000011)
    .ARM.Collect$$libinit$$00000013          0x0000007a   Section        0  libinit2.o(.ARM.Collect$$libinit$$00000013)
    .ARM.Collect$$libinit$$00000015          0x0000007a   Section        0  libinit2.o(.ARM.Collect$$libinit$$00000015)
    .ARM.Collect$$libinit$$00000017          0x0000007a   Section        0  libinit2.o(.ARM.Collect$$libinit$$00000017)
    .ARM.Collect$$libinit$$00000019          0x0000007a   Section        0  libinit2.o(.ARM.Collect$$libinit$$00000019)
    .ARM.Collect$$libinit$$0000001B          0x0000007a   Section        0  libinit2.o(.ARM.Collect$$libinit$$0000001B)
    .ARM.Collect$$libinit$$0000001D          0x0000007a   Section        0  libinit2.o(.ARM.Collect$$libinit$$0000001D)
    .ARM.Collect$$libinit$$0000001F          0x0000007a   Section        0  libinit2.o(.ARM.Collect$$libinit$$0000001F)
    .ARM.Collect$$libinit$$00000021          0x0000007a   Section        0  libinit2.o(.ARM.Collect$$libinit$$00000021)
    .ARM.Collect$$libinit$$00000023          0x0000007a   Section        0  libinit2.o(.ARM.Collect$$libinit$$00000023)
    .ARM.Collect$$libinit$$0000002A          0x0000007a   Section        0  libinit2.o(.ARM.Collect$$libinit$$0000002A)
    .ARM.Collect$$libinit$$0000002C          0x0000007a   Section        0  libinit2.o(.ARM.Collect$$libinit$$0000002C)
    .ARM.Collect$$libinit$$0000002E          0x0000007a   Section        0  libinit2.o(.ARM.Collect$$libinit$$0000002E)
    .ARM.Collect$$libinit$$00000030          0x0000007a   Section        0  libinit2.o(.ARM.Collect$$libinit$$00000030)
    .ARM.Collect$$libinit$$00000031          0x0000007a   Section       12  libinit2.o(.ARM.Collect$$libinit$$00000031)
    .ARM.Collect$$libshutdown$$00000000      0x00000090   Section        4  libshutdown.o(.ARM.Collect$$libshutdown$$00000000)
    .ARM.Collect$$libshutdown$$00000003      0x00000094   Section        0  libshutdown2.o(.ARM.Collect$$libshutdown$$00000003)
    .ARM.Collect$$libshutdown$$00000006      0x00000094   Section        0  libshutdown2.o(.ARM.Collect$$libshutdown$$00000006)
    .ARM.Collect$$libshutdown$$00000009      0x00000094   Section        0  libshutdown2.o(.ARM.Collect$$libshutdown$$00000009)
    .ARM.Collect$$libshutdown$$0000000B      0x00000094   Section        0  libshutdown2.o(.ARM.Collect$$libshutdown$$0000000B)
    .ARM.Collect$$libshutdown$$0000000E      0x00000094   Section        0  libshutdown2.o(.ARM.Collect$$libshutdown$$0000000E)
    .ARM.Collect$$libshutdown$$0000000F      0x00000094   Section        6  libshutdown2.o(.ARM.Collect$$libshutdown$$0000000F)
    .ARM.Collect$$rtentry$$00000000          0x0000009c   Section        0  rtentry.o(.ARM.Collect$$rtentry$$00000000)
    .ARM.Collect$$rtentry$$00000002          0x0000009c   Section        0  rtentry2.o(.ARM.Collect$$rtentry$$00000002)
    .ARM.Collect$$rtentry$$00000004          0x0000009c   Section        8  rtentry4.o(.ARM.Collect$$rtentry$$00000004)
    .ARM.Collect$$rtentry$$00000009          0x000000a4   Section        0  rtentry2.o(.ARM.Collect$$rtentry$$00000009)
    .ARM.Collect$$rtentry$$0000000A          0x000000a4   Section        4  rtentry2.o(.ARM.Collect$$rtentry$$0000000A)
    .ARM.Collect$$rtentry$$0000000C          0x000000a8   Section        0  rtentry2.o(.ARM.Collect$$rtentry$$0000000C)
    .ARM.Collect$$rtentry$$0000000D          0x000000a8   Section       40  rtentry2.o(.ARM.Collect$$rtentry$$0000000D)
    .ARM.Collect$$rtexit$$00000000           0x000000d4   Section        4  rtexit.o(.ARM.Collect$$rtexit$$00000000)
    .ARM.Collect$$rtexit$$00000002           0x000000d8   Section        0  rtexit2.o(.ARM.Collect$$rtexit$$00000002)
    .ARM.Collect$$rtexit$$00000003           0x000000d8   Section        4  rtexit2.o(.ARM.Collect$$rtexit$$00000003)
    .ARM.Collect$$rtexit$$00000004           0x000000dc   Section        8  rtexit2.o(.ARM.Collect$$rtexit$$00000004)
    .text                                    0x000000e4   Section       32  startup.o(.text)
    .text                                    0x00000104   Section        0  mc2.o(.text)
    .text                                    0x00000564   Section      100  rt_memcpy_w.o(.text)
    .text                                    0x000005c8   Section      384  aeabi_sdiv.o(.text)
    __arm_div8                               0x000005f4   ARM Code       0  aeabi_sdiv.o(.text)
    __arm_div5                               0x00000618   ARM Code       0  aeabi_sdiv.o(.text)
    __arm_div2                               0x0000063c   ARM Code       0  aeabi_sdiv.o(.text)
    __arm_div_large                          0x00000678   ARM Code       0  aeabi_sdiv.o(.text)
    .text                                    0x00000748   Section        0  heapauxi.o(.text)
    .text                                    0x00000750   Section       96  sys_stackheap_outer.o(.text)
    .text                                    0x000007b0   Section        0  exit.o(.text)
    .text                                    0x000007bc   Section       12  libspace.o(.text)
    .text                                    0x000007d0   Section        0  sys_exit.o(.text)
    .text                                    0x000007dc   Section        4  use_no_semi.o(.text)
    .text                                    0x000007e0   Section        0  indicate_semi.o(.text)
    x$fpl$d2f                                0x000007e0   Section      108  d2f.o(x$fpl$d2f)
    x$fpl$dadd                               0x0000084c   Section      340  daddsub_noclz.o(x$fpl$dadd)
    _dadd1                                   0x0000085c   ARM Code       0  daddsub_noclz.o(x$fpl$dadd)
    x$fpl$ddiv                               0x000009a0   Section      736  ddiv.o(x$fpl$ddiv)
    ddiv_entry                               0x000009a8   ARM Code       0  ddiv.o(x$fpl$ddiv)
    x$fpl$dnaninf                            0x00000c80   Section      192  dnaninf.o(x$fpl$dnaninf)
    x$fpl$dretinf                            0x00000d40   Section       16  dretinf.o(x$fpl$dretinf)
    x$fpl$dsub                               0x00000d50   Section      580  daddsub_noclz.o(x$fpl$dsub)
    _dsub1                                   0x00000d60   ARM Code       0  daddsub_noclz.o(x$fpl$dsub)
    x$fpl$f2d                                0x00000f94   Section      100  f2d.o(x$fpl$f2d)
    x$fpl$fadd                               0x00000ff8   Section      196  faddsub_noclz.o(x$fpl$fadd)
    _fadd1                                   0x00001004   ARM Code       0  faddsub_noclz.o(x$fpl$fadd)
    x$fpl$fcmpinf                            0x000010bc   Section       28  fcmpi.o(x$fpl$fcmpinf)
    x$fpl$ffix                               0x000010d8   Section       68  ffix.o(x$fpl$ffix)
    x$fpl$fflt                               0x0000111c   Section       92  fflt_noclz.o(x$fpl$fflt)
    x$fpl$ffltu                              0x00001178   Section        8  fflt_noclz.o(x$fpl$ffltu)
    x$fpl$fleqf                              0x00001180   Section      132  fleqf.o(x$fpl$fleqf)
    x$fpl$fmul                               0x00001204   Section      256  fmul.o(x$fpl$fmul)
    x$fpl$fnaninf                            0x00001304   Section      168  fnaninf.o(x$fpl$fnaninf)
    x$fpl$fretinf                            0x000013ac   Section       16  fretinf.o(x$fpl$fretinf)
    x$fpl$frleqf                             0x000013bc   Section      124  frleqf.o(x$fpl$frleqf)
    x$fpl$frsb                               0x00001438   Section       20  faddsub_noclz.o(x$fpl$frsb)
    x$fpl$fsub                               0x0000144c   Section      304  faddsub_noclz.o(x$fpl$fsub)
    _fsub1                                   0x00001458   ARM Code       0  faddsub_noclz.o(x$fpl$fsub)
    x$fpl$usenofp                            0x0000157c   Section        0  usenofp.o(x$fpl$usenofp)
    .bss                                     0x40000000   Section       96  libspace.o(.bss)
    HEAP                                     0x40000060   Section        0  startup.o(HEAP)
    STACK                                    0x40000060   Section     1160  startup.o(STACK)
    Heap_Mem                                 0x40000060   Data           0  startup.o(HEAP)
    Stack_Mem                                0x40000060   Data        1024  startup.o(STACK)
    Stack_Top                                0x400004e8   Data           0  startup.o(STACK)

    Global Symbols

    Symbol Name                              Value     Ov Type        Size  Object(Section)

    BuildAttributes$$THM_ISAv1$ARM_ISAv4$S$PE$A:L22$X:L11$S22$IEEE1$IW$USESV6$~STKCKD$USESV7$~SHL$OSPACE$ROPI$EBA8$UX$STANDARDLIB$REQ8$PRES8$EABIv2 0x00000000   Number         0  anon$$obj.o ABSOLUTE
    __ARM_use_no_argv                        0x00000000   Number         0  mc2.o ABSOLUTE
    __main                                   0x00000000   ARM Code       8  __main.o(!!!main)
    __ARM_exceptions_init                     - Undefined Weak Reference
    __alloca_initialize                       - Undefined Weak Reference
    __cpp_initialize__aeabi_                  - Undefined Weak Reference
    __cxa_finalize                            - Undefined Weak Reference
    __rt_locale                               - Undefined Weak Reference
    __sigvec_lookup                           - Undefined Weak Reference
    _atexit_init                              - Undefined Weak Reference
    _call_atexit_fns                          - Undefined Weak Reference
    _clock_init                               - Undefined Weak Reference
    _fp_trap_init                             - Undefined Weak Reference
    _fp_trap_shutdown                         - Undefined Weak Reference
    _get_lc_collate                           - Undefined Weak Reference
    _get_lc_ctype                             - Undefined Weak Reference
    _get_lc_monetary                          - Undefined Weak Reference
    _get_lc_numeric                           - Undefined Weak Reference
    _get_lc_time                              - Undefined Weak Reference
    _getenv_init                              - Undefined Weak Reference
    _handle_redirection                       - Undefined Weak Reference
    _init_alloc                               - Undefined Weak Reference
    _init_user_alloc                          - Undefined Weak Reference
    _initio                                   - Undefined Weak Reference
    _rand_init                                - Undefined Weak Reference
    _signal_finish                            - Undefined Weak Reference
    _signal_init                              - Undefined Weak Reference
    _terminate_alloc                          - Undefined Weak Reference
    _terminate_user_alloc                     - Undefined Weak Reference
    _terminateio                              - Undefined Weak Reference
    __scatterload                            0x00000008   ARM Code       0  __scatter.o(!!!scatter)
    __scatterload_rt2                        0x00000008   ARM Code      52  __scatter.o(!!!scatter)
    __scatterload_null                       0x0000001c   ARM Code       0  __scatter.o(!!!scatter)
    __scatterload_zeroinit                   0x00000044   ARM Code      44  __scatter_zi.o(!!handler_zi)
    Inline ARM to Thumb Veneer to __rt_lib_init 0x00000070   ARM Code       8  libinit.o(.ARM.Collect$$libinit$$00000000)
    __rt_lib_init                            0x00000079   Thumb Code     0  libinit.o(.ARM.Collect$$libinit$$00000000)
    __rt_lib_init_alloca_1                   0x0000007b   Thumb Code     0  libinit2.o(.ARM.Collect$$libinit$$0000002C)
    __rt_lib_init_argv_1                     0x0000007b   Thumb Code     0  libinit2.o(.ARM.Collect$$libinit$$0000002A)
    __rt_lib_init_atexit_1                   0x0000007b   Thumb Code     0  libinit2.o(.ARM.Collect$$libinit$$00000019)
    __rt_lib_init_clock_1                    0x0000007b   Thumb Code     0  libinit2.o(.ARM.Collect$$libinit$$0000001F)
    __rt_lib_init_cpp_1                      0x0000007b   Thumb Code     0  libinit2.o(.ARM.Collect$$libinit$$00000030)
    __rt_lib_init_exceptions_1               0x0000007b   Thumb Code     0  libinit2.o(.ARM.Collect$$libinit$$0000002E)
    __rt_lib_init_fp_1                       0x0000007b   Thumb Code     0  libinit2.o(.ARM.Collect$$libinit$$00000002)
    __rt_lib_init_fp_trap_1                  0x0000007b   Thumb Code     0  libinit2.o(.ARM.Collect$$libinit$$0000001D)
    __rt_lib_init_getenv_1                   0x0000007b   Thumb Code     0  libinit2.o(.ARM.Collect$$libinit$$00000021)
    __rt_lib_init_heap_1                     0x0000007b   Thumb Code     0  libinit2.o(.ARM.Collect$$libinit$$00000008)
    __rt_lib_init_lc_collate_1               0x0000007b   Thumb Code     0  libinit2.o(.ARM.Collect$$libinit$$0000000F)
    __rt_lib_init_lc_ctype_1                 0x0000007b   Thumb Code     0  libinit2.o(.ARM.Collect$$libinit$$00000011)
    __rt_lib_init_lc_monetary_1              0x0000007b   Thumb Code     0  libinit2.o(.ARM.Collect$$libinit$$00000013)
    __rt_lib_init_lc_numeric_1               0x0000007b   Thumb Code     0  libinit2.o(.ARM.Collect$$libinit$$00000015)
    __rt_lib_init_lc_time_1                  0x0000007b   Thumb Code     0  libinit2.o(.ARM.Collect$$libinit$$00000017)
    __rt_lib_init_rand_1                     0x0000007b   Thumb Code     0  libinit2.o(.ARM.Collect$$libinit$$0000000C)
    __rt_lib_init_return                     0x0000007b   Thumb Code     0  libinit2.o(.ARM.Collect$$libinit$$00000031)
    __rt_lib_init_signal_1                   0x0000007b   Thumb Code     0  libinit2.o(.ARM.Collect$$libinit$$0000001B)
    __rt_lib_init_stdio_1                    0x0000007b   Thumb Code     0  libinit2.o(.ARM.Collect$$libinit$$00000023)
    __rt_lib_init_user_alloc_1               0x0000007b   Thumb Code     0  libinit2.o(.ARM.Collect$$libinit$$0000000A)
    Inline ARM to Thumb Veneer to __rt_lib_shutdown 0x00000088   ARM Code       8  libshutdown.o(.ARM.Collect$$libshutdown$$00000000)
    __rt_lib_shutdown                        0x00000091   Thumb Code     0  libshutdown.o(.ARM.Collect$$libshutdown$$00000000)
    __rt_lib_shutdown_fp_trap_1              0x00000095   Thumb Code     0  libshutdown2.o(.ARM.Collect$$libshutdown$$00000006)
    __rt_lib_shutdown_heap_1                 0x00000095   Thumb Code     0  libshutdown2.o(.ARM.Collect$$libshutdown$$0000000E)
    __rt_lib_shutdown_return                 0x00000095   Thumb Code     0  libshutdown2.o(.ARM.Collect$$libshutdown$$0000000F)
    __rt_lib_shutdown_signal_1               0x00000095   Thumb Code     0  libshutdown2.o(.ARM.Collect$$libshutdown$$00000009)
    __rt_lib_shutdown_stdio_1                0x00000095   Thumb Code     0  libshutdown2.o(.ARM.Collect$$libshutdown$$00000003)
    __rt_lib_shutdown_user_alloc_1           0x00000095   Thumb Code     0  libshutdown2.o(.ARM.Collect$$libshutdown$$0000000B)
    __rt_entry                               0x0000009c   ARM Code       0  rtentry.o(.ARM.Collect$$rtentry$$00000000)
    __rt_entry_presh_1                       0x0000009c   ARM Code       0  rtentry2.o(.ARM.Collect$$rtentry$$00000002)
    __rt_entry_sh                            0x0000009c   ARM Code       0  rtentry4.o(.ARM.Collect$$rtentry$$00000004)
    __rt_entry_li                            0x000000a4   ARM Code       0  rtentry2.o(.ARM.Collect$$rtentry$$0000000A)
    __rt_entry_postsh_1                      0x000000a4   ARM Code       0  rtentry2.o(.ARM.Collect$$rtentry$$00000009)
    __rt_entry_main                          0x000000a8   ARM Code       0  rtentry2.o(.ARM.Collect$$rtentry$$0000000D)
    __rt_entry_postli_1                      0x000000a8   ARM Code       0  rtentry2.o(.ARM.Collect$$rtentry$$0000000C)
    Inline Thumb to ARM Veneer to __rt_exit  0x000000d1   Thumb Code     4  rtexit.o(.ARM.Collect$$rtexit$$00000000)
    __rt_exit                                0x000000d4   ARM Code       0  rtexit.o(.ARM.Collect$$rtexit$$00000000)
    __rt_exit_ls                             0x000000d8   ARM Code       0  rtexit2.o(.ARM.Collect$$rtexit$$00000003)
    __rt_exit_prels_1                        0x000000d8   ARM Code       0  rtexit2.o(.ARM.Collect$$rtexit$$00000002)
    __rt_exit_exit                           0x000000dc   ARM Code       0  rtexit2.o(.ARM.Collect$$rtexit$$00000004)
    __user_initial_stackheap                 0x000000e4   ARM Code       0  startup.o(.text)
    delay                                    0x00000104   ARM Code      48  mc2.o(.text)
    UART0_Init                               0x00000134   ARM Code      72  mc2.o(.text)
    UART0_SendChar                           0x0000017c   ARM Code      32  mc2.o(.text)
    UART0_SendString                         0x0000019c   ARM Code      40  mc2.o(.text)
    ftostr                                   0x000001c4   ARM Code     304  mc2.o(.text)
    ADC0_Init                                0x000002f4   ARM Code      16  mc2.o(.text)
    ADC0_Read                                0x00000304   ARM Code      68  mc2.o(.text)
    main                                     0x00000348   ARM Code     540  mc2.o(.text)
    __aeabi_memcpy4                          0x00000564   ARM Code       0  rt_memcpy_w.o(.text)
    __aeabi_memcpy8                          0x00000564   ARM Code       0  rt_memcpy_w.o(.text)
    __rt_memcpy_w                            0x00000564   ARM Code     100  rt_memcpy_w.o(.text)
    _memcpy_lastbytes_aligned                0x000005b0   ARM Code       0  rt_memcpy_w.o(.text)
    __aeabi_idiv                             0x000005c8   ARM Code       0  aeabi_sdiv.o(.text)
    __aeabi_idivmod                          0x000005c8   ARM Code     384  aeabi_sdiv.o(.text)
    __use_two_region_memory                  0x00000749   Thumb Code     2  heapauxi.o(.text)
    __rt_heap_escrow$2region                 0x0000074b   Thumb Code     2  heapauxi.o(.text)
    __rt_heap_expand$2region                 0x0000074d   Thumb Code     2  heapauxi.o(.text)
    __user_setup_stackheap                   0x00000750   ARM Code      96  sys_stackheap_outer.o(.text)
    exit                                     0x000007b1   Thumb Code    12  exit.o(.text)
    __user_libspace                          0x000007bc   ARM Code      12  libspace.o(.text)
    __user_perproc_libspace                  0x000007bc   ARM Code       0  libspace.o(.text)
    __user_perthread_libspace                0x000007bc   ARM Code       0  libspace.o(.text)
    Inline ARM to Thumb Veneer to _sys_exit  0x000007c8   ARM Code       8  sys_exit.o(.text)
    _sys_exit                                0x000007d1   Thumb Code     8  sys_exit.o(.text)
    __I$use$semihosting                      0x000007dc   ARM Code       0  use_no_semi.o(.text)
    __use_no_semihosting_swi                 0x000007dc   ARM Code       4  use_no_semi.o(.text)
    __aeabi_d2f                              0x000007e0   ARM Code       0  d2f.o(x$fpl$d2f)
    __semihosting_library_function           0x000007e0   ARM Code       0  indicate_semi.o(.text)
    _d2f                                     0x000007e0   ARM Code     108  d2f.o(x$fpl$d2f)
    __aeabi_dadd                             0x0000084c   ARM Code       0  daddsub_noclz.o(x$fpl$dadd)
    _dadd                                    0x0000084c   ARM Code     336  daddsub_noclz.o(x$fpl$dadd)
    __aeabi_ddiv                             0x000009a0   ARM Code       0  ddiv.o(x$fpl$ddiv)
    _ddiv                                    0x000009a0   ARM Code     600  ddiv.o(x$fpl$ddiv)
    __fpl_dnaninf                            0x00000c80   ARM Code     192  dnaninf.o(x$fpl$dnaninf)
    __fpl_dretinf                            0x00000d40   ARM Code      16  dretinf.o(x$fpl$dretinf)
    __aeabi_dsub                             0x00000d50   ARM Code       0  daddsub_noclz.o(x$fpl$dsub)
    _dsub                                    0x00000d50   ARM Code     576  daddsub_noclz.o(x$fpl$dsub)
    __aeabi_f2d                              0x00000f94   ARM Code       0  f2d.o(x$fpl$f2d)
    _f2d                                     0x00000f94   ARM Code     100  f2d.o(x$fpl$f2d)
    __aeabi_fadd                             0x00000ff8   ARM Code       0  faddsub_noclz.o(x$fpl$fadd)
    _fadd                                    0x00000ff8   ARM Code     196  faddsub_noclz.o(x$fpl$fadd)
    __fpl_fcmp_Inf                           0x000010bc   ARM Code      28  fcmpi.o(x$fpl$fcmpinf)
    __aeabi_f2iz                             0x000010d8   ARM Code       0  ffix.o(x$fpl$ffix)
    _ffix                                    0x000010d8   ARM Code      68  ffix.o(x$fpl$ffix)
    __aeabi_i2f                              0x0000111c   ARM Code       0  fflt_noclz.o(x$fpl$fflt)
    _fflt                                    0x0000111c   ARM Code      92  fflt_noclz.o(x$fpl$fflt)
    __fflt_normalise                         0x00001128   ARM Code       0  fflt_noclz.o(x$fpl$fflt)
    __aeabi_ui2f                             0x00001178   ARM Code       0  fflt_noclz.o(x$fpl$ffltu)
    _ffltu                                   0x00001178   ARM Code       8  fflt_noclz.o(x$fpl$ffltu)
    __aeabi_cfcmple                          0x00001180   ARM Code       0  fleqf.o(x$fpl$fleqf)
    _fcmple                                  0x00001180   ARM Code     132  fleqf.o(x$fpl$fleqf)
    __fpl_fcmple_InfNaN                      0x000011ec   ARM Code       0  fleqf.o(x$fpl$fleqf)
    __aeabi_fmul                             0x00001204   ARM Code       0  fmul.o(x$fpl$fmul)
    _fmul                                    0x00001204   ARM Code     256  fmul.o(x$fpl$fmul)
    __fpl_fnaninf                            0x00001304   ARM Code     168  fnaninf.o(x$fpl$fnaninf)
    __fpl_fretinf                            0x000013ac   ARM Code      16  fretinf.o(x$fpl$fretinf)
    __aeabi_cfrcmple                         0x000013bc   ARM Code       0  frleqf.o(x$fpl$frleqf)
    _frcmple                                 0x000013bc   ARM Code     124  frleqf.o(x$fpl$frleqf)
    __aeabi_frsub                            0x00001438   ARM Code       0  faddsub_noclz.o(x$fpl$frsb)
    _frsb                                    0x00001438   ARM Code      20  faddsub_noclz.o(x$fpl$frsb)
    __aeabi_fsub                             0x0000144c   ARM Code       0  faddsub_noclz.o(x$fpl$fsub)
    _fsub                                    0x0000144c   ARM Code     304  faddsub_noclz.o(x$fpl$fsub)
    Region$$Table$$Base                      0x0000157c   Number         0  anon$$obj.o(Region$$Table)
    __I$use$fp                               0x0000157c   Number         0  usenofp.o(x$fpl$usenofp)
    Region$$Table$$Limit                     0x0000158c   Number         0  anon$$obj.o(Region$$Table)
    __libspace_start                         0x40000000   Data          96  libspace.o(.bss)
    __temporary_stack_top$libspace           0x40000060   Data           0  libspace.o(.bss)



==============================================================================

Memory Map of the image

  Image Entry point : 0x00000000

  Load Region LR_1 (Base: 0x00000000, Size: 0x0000158c, Max: 0xffffffff, ABSOLUTE)

    Execution Region ER_RO (Base: 0x00000000, Size: 0x0000158c, Max: 0xffffffff, ABSOLUTE)

    Base Addr    Size         Type   Attr      Idx    E Section Name        Object

    0x00000000   0x00000008   Code   RO           49  * !!!main             c_t.l(__main.o)
    0x00000008   0x0000003c   Code   RO          260    !!!scatter          c_t.l(__scatter.o)
    0x00000044   0x0000002c   Code   RO          262    !!handler_zi        c_t.l(__scatter_zi.o)
    0x00000070   0x00000008   Ven    RO          131    .ARM.Collect$$libinit$$00000000  c_t.l(libinit.o)
    0x00000078   0x00000002   Code   RO          131    .ARM.Collect$$libinit$$00000000  c_t.l(libinit.o)
    0x0000007a   0x00000000   Code   RO          144    .ARM.Collect$$libinit$$00000002  c_t.l(libinit2.o)
    0x0000007a   0x00000000   Code   RO          147    .ARM.Collect$$libinit$$00000008  c_t.l(libinit2.o)
    0x0000007a   0x00000000   Code   RO          149    .ARM.Collect$$libinit$$0000000A  c_t.l(libinit2.o)
    0x0000007a   0x00000000   Code   RO          151    .ARM.Collect$$libinit$$0000000C  c_t.l(libinit2.o)
    0x0000007a   0x00000000   Code   RO          154    .ARM.Collect$$libinit$$0000000F  c_t.l(libinit2.o)
    0x0000007a   0x00000000   Code   RO          156    .ARM.Collect$$libinit$$00000011  c_t.l(libinit2.o)
    0x0000007a   0x00000000   Code   RO          158    .ARM.Collect$$libinit$$00000013  c_t.l(libinit2.o)
    0x0000007a   0x00000000   Code   RO          160    .ARM.Collect$$libinit$$00000015  c_t.l(libinit2.o)
    0x0000007a   0x00000000   Code   RO          162    .ARM.Collect$$libinit$$00000017  c_t.l(libinit2.o)
    0x0000007a   0x00000000   Code   RO          164    .ARM.Collect$$libinit$$00000019  c_t.l(libinit2.o)
    0x0000007a   0x00000000   Code   RO          166    .ARM.Collect$$libinit$$0000001B  c_t.l(libinit2.o)
    0x0000007a   0x00000000   Code   RO          168    .ARM.Collect$$libinit$$0000001D  c_t.l(libinit2.o)
    0x0000007a   0x00000000   Code   RO          170    .ARM.Collect$$libinit$$0000001F  c_t.l(libinit2.o)
    0x0000007a   0x00000000   Code   RO          172    .ARM.Collect$$libinit$$00000021  c_t.l(libinit2.o)
    0x0000007a   0x00000000   Code   RO          174    .ARM.Collect$$libinit$$00000023  c_t.l(libinit2.o)
    0x0000007a   0x00000000   Code   RO          178    .ARM.Collect$$libinit$$0000002A  c_t.l(libinit2.o)
    0x0000007a   0x00000000   Code   RO          180    .ARM.Collect$$libinit$$0000002C  c_t.l(libinit2.o)
    0x0000007a   0x00000000   Code   RO          182    .ARM.Collect$$libinit$$0000002E  c_t.l(libinit2.o)
    0x0000007a   0x00000000   Code   RO          184    .ARM.Collect$$libinit$$00000030  c_t.l(libinit2.o)
    0x0000007a   0x0000000c   Code   RO          185    .ARM.Collect$$libinit$$00000031  c_t.l(libinit2.o)
    0x00000086   0x00000002   PAD
    0x00000088   0x00000008   Ven    RO          218    .ARM.Collect$$libshutdown$$00000000  c_t.l(libshutdown.o)
    0x00000090   0x00000004   Code   RO          218    .ARM.Collect$$libshutdown$$00000000  c_t.l(libshutdown.o)
    0x00000094   0x00000000   Code   RO          245    .ARM.Collect$$libshutdown$$00000003  c_t.l(libshutdown2.o)
    0x00000094   0x00000000   Code   RO          248    .ARM.Collect$$libshutdown$$00000006  c_t.l(libshutdown2.o)
    0x00000094   0x00000000   Code   RO          251    .ARM.Collect$$libshutdown$$00000009  c_t.l(libshutdown2.o)
    0x00000094   0x00000000   Code   RO          253    .ARM.Collect$$libshutdown$$0000000B  c_t.l(libshutdown2.o)
    0x00000094   0x00000000   Code   RO          256    .ARM.Collect$$libshutdown$$0000000E  c_t.l(libshutdown2.o)
    0x00000094   0x00000006   Code   RO          257    .ARM.Collect$$libshutdown$$0000000F  c_t.l(libshutdown2.o)
    0x0000009a   0x00000002   PAD
    0x0000009c   0x00000000   Code   RO           83    .ARM.Collect$$rtentry$$00000000  c_t.l(rtentry.o)
    0x0000009c   0x00000000   Code   RO          100    .ARM.Collect$$rtentry$$00000002  c_t.l(rtentry2.o)
    0x0000009c   0x00000008   Code   RO          112    .ARM.Collect$$rtentry$$00000004  c_t.l(rtentry4.o)
    0x000000a4   0x00000000   Code   RO          102    .ARM.Collect$$rtentry$$00000009  c_t.l(rtentry2.o)
    0x000000a4   0x00000004   Code   RO          103    .ARM.Collect$$rtentry$$0000000A  c_t.l(rtentry2.o)
    0x000000a8   0x00000000   Code   RO          105    .ARM.Collect$$rtentry$$0000000C  c_t.l(rtentry2.o)
    0x000000a8   0x00000028   Code   RO          106    .ARM.Collect$$rtentry$$0000000D  c_t.l(rtentry2.o)
    0x000000d0   0x00000004   Ven    RO          135    .ARM.Collect$$rtexit$$00000000  c_t.l(rtexit.o)
    0x000000d4   0x00000004   Code   RO          135    .ARM.Collect$$rtexit$$00000000  c_t.l(rtexit.o)
    0x000000d8   0x00000000   Code   RO          189    .ARM.Collect$$rtexit$$00000002  c_t.l(rtexit2.o)
    0x000000d8   0x00000004   Code   RO          190    .ARM.Collect$$rtexit$$00000003  c_t.l(rtexit2.o)
    0x000000dc   0x00000008   Code   RO          191    .ARM.Collect$$rtexit$$00000004  c_t.l(rtexit2.o)
    0x000000e4   0x00000020   Code   RO            4    .text               startup.o
    0x00000104   0x00000460   Code   RO           11    .text               mc2.o
    0x00000564   0x00000064   Code   RO           29    .text               c_t.l(rt_memcpy_w.o)
    0x000005c8   0x00000180   Code   RO           31    .text               c_t.l(aeabi_sdiv.o)
    0x00000748   0x00000006   Code   RO           47    .text               c_t.l(heapauxi.o)
    0x0000074e   0x00000002   PAD
    0x00000750   0x00000060   Code   RO          118    .text               c_t.l(sys_stackheap_outer.o)
    0x000007b0   0x0000000c   Code   RO          120    .text               c_t.l(exit.o)
    0x000007bc   0x0000000c   Code   RO          132    .text               c_t.l(libspace.o)
    0x000007c8   0x00000008   Ven    RO          186    .text               c_t.l(sys_exit.o)
    0x000007d0   0x0000000c   Code   RO          186    .text               c_t.l(sys_exit.o)
    0x000007dc   0x00000004   Code   RO          207    .text               c_t.l(use_no_semi.o)
    0x000007e0   0x00000000   Code   RO          209    .text               c_t.l(indicate_semi.o)
    0x000007e0   0x0000006c   Code   RO           51    x$fpl$d2f           fz_ts.l(d2f.o)
    0x0000084c   0x00000154   Code   RO           53    x$fpl$dadd          fz_ts.l(daddsub_noclz.o)
    0x000009a0   0x000002e0   Code   RO           60    x$fpl$ddiv          fz_ts.l(ddiv.o)
    0x00000c80   0x000000c0   Code   RO           88    x$fpl$dnaninf       fz_ts.l(dnaninf.o)
    0x00000d40   0x00000010   Code   RO           90    x$fpl$dretinf       fz_ts.l(dretinf.o)
    0x00000d50   0x00000244   Code   RO           55    x$fpl$dsub          fz_ts.l(daddsub_noclz.o)
    0x00000f94   0x00000064   Code   RO           63    x$fpl$f2d           fz_ts.l(f2d.o)
    0x00000ff8   0x000000c4   Code   RO           65    x$fpl$fadd          fz_ts.l(faddsub_noclz.o)
    0x000010bc   0x0000001c   Code   RO          116    x$fpl$fcmpinf       fz_ts.l(fcmpi.o)
    0x000010d8   0x00000044   Code   RO           71    x$fpl$ffix          fz_ts.l(ffix.o)
    0x0000111c   0x0000005c   Code   RO           76    x$fpl$fflt          fz_ts.l(fflt_noclz.o)
    0x00001178   0x00000008   Code   RO           75    x$fpl$ffltu         fz_ts.l(fflt_noclz.o)
    0x00001180   0x00000084   Code   RO           92    x$fpl$fleqf         fz_ts.l(fleqf.o)
    0x00001204   0x00000100   Code   RO           79    x$fpl$fmul          fz_ts.l(fmul.o)
    0x00001304   0x000000a8   Code   RO           94    x$fpl$fnaninf       fz_ts.l(fnaninf.o)
    0x000013ac   0x00000010   Code   RO           96    x$fpl$fretinf       fz_ts.l(fretinf.o)
    0x000013bc   0x0000007c   Code   RO           81    x$fpl$frleqf        fz_ts.l(frleqf.o)
    0x00001438   0x00000014   Code   RO           66    x$fpl$frsb          fz_ts.l(faddsub_noclz.o)
    0x0000144c   0x00000130   Code   RO           67    x$fpl$fsub          fz_ts.l(faddsub_noclz.o)
    0x0000157c   0x00000000   Code   RO           98    x$fpl$usenofp       fz_ts.l(usenofp.o)
    0x0000157c   0x00000010   Data   RO          258    Region$$Table       anon$$obj.o


    Execution Region ER_RW (Base: 0x40000000, Size: 0x00000000, Max: 0xffffffff, ABSOLUTE)

    **** No section assigned to this execution region ****


    Execution Region ER_ZI (Base: 0x40000000, Size: 0x000004e8, Max: 0xffffffff, ABSOLUTE)

    Base Addr    Size         Type   Attr      Idx    E Section Name        Object

    0x40000000   0x00000060   Zero   RW          133    .bss                c_t.l(libspace.o)
    0x40000060   0x00000000   Zero   RW            2    HEAP                startup.o
    0x40000060   0x00000488   Zero   RW            1    STACK               startup.o


==============================================================================

Image component sizes


      Code (inc. data)   RO Data    RW Data    ZI Data      Debug   Object Name

      1120         80          0          0          0       3575   mc2.o
        32         12          0          0       1160        204   startup.o

    ----------------------------------------------------------------------
      1152         92         16          0       1160       3779   Object Totals
         0          0         16          0          0          0   (incl. Generated)
         0          0          0          0          0          0   (incl. Padding)

    ----------------------------------------------------------------------

      Code (inc. data)   RO Data    RW Data    ZI Data      Debug   Library Member Name

         8          0          0          0          0         68   __main.o
        60          8          0          0          0          0   __scatter.o
        44          0          0          0          0          0   __scatter_zi.o
       384          0          0          0          0         80   aeabi_sdiv.o
        12          0          0          0          0         64   exit.o
         6          0          0          0          0        136   heapauxi.o
         0          0          0          0          0          0   indicate_semi.o
        10          0          0          0          0          0   libinit.o
        12          0          0          0          0          0   libinit2.o
        12          0          0          0          0          0   libshutdown.o
         6          0          0          0          0          0   libshutdown2.o
        12          4          0          0         96         68   libspace.o
       100          0          0          0          0         80   rt_memcpy_w.o
         0          0          0          0          0          0   rtentry.o
        44          4          0          0          0          0   rtentry2.o
         8          0          0          0          0          0   rtentry4.o
         8          0          0          0          0          0   rtexit.o
        12          0          0          0          0          0   rtexit2.o
        20          4          0          0          0         60   sys_exit.o
        96          0          0          0          0         80   sys_stackheap_outer.o
         4          0          0          0          0         68   use_no_semi.o
       108          4          0          0          0         92   d2f.o
       920         16          0          0          0        292   daddsub_noclz.o
       736        140          0          0          0        228   ddiv.o
       192          0          0          0          0        108   dnaninf.o
        16          0          0          0          0         68   dretinf.o
       100          4          0          0          0         84   f2d.o
       520          8          0          0          0        236   faddsub_noclz.o
        28          0          0          0          0         68   fcmpi.o
        68          4          0          0          0         84   ffix.o
       100          0          0          0          0        136   fflt_noclz.o
       132          4          0          0          0         84   fleqf.o
       256          4          0          0          0         84   fmul.o
       168          0          0          0          0         96   fnaninf.o
        16          0          0          0          0         68   fretinf.o
       124          0          0          0          0         68   frleqf.o
         0          0          0          0          0          0   usenofp.o

    ----------------------------------------------------------------------
      4348        204          0          0         96       2500   Library Totals
         6          0          0          0          0          0   (incl. Padding)

    ----------------------------------------------------------------------

      Code (inc. data)   RO Data    RW Data    ZI Data      Debug   Library Name

       858         20          0          0         96        704   c_t.l
      3484        184          0          0          0       1796   fz_ts.l

    ----------------------------------------------------------------------
      4348        204          0          0         96       2500   Library Totals

    ----------------------------------------------------------------------

==============================================================================


      Code (inc. data)   RO Data    RW Data    ZI Data      Debug   

      5500        296         16          0       1256       4943   Grand Totals
      5500        296         16          0       1256       4943   ELF Image Totals
      5500        296         16          0          0          0   ROM Totals

==============================================================================

    Total RO  Size (Code + RO Data)                 5516 (   5.39kB)
    Total RW  Size (RW Data + ZI Data)              1256 (   1.23kB)
    Total ROM Size (Code + RO Data + RW Data)       5516 (   5.39kB)

==============================================================================

